BES E00000 expected token
BES E00001 unexpected token
BES E00002 Too many arguments
BES E00003 (instruction) is not an instructions
BES E00004 element needs a value
BES E00005 element needs an operator
BES E00006 element needs a name
BES E00007 unexpected argument "characters"
BES E00008 expected argument